/Users/joel/MJS_ROOT/MJS_STUDY/T2P-Reboot/third_party/motion-diffusion-model/diffusion/nn.py:150: FutureWarning: `torch.cuda.amp.custom_fwd(args...)` is deprecated. Please use `torch.amp.custom_fwd(args..., device_type='cuda')` instead.
  @th.cuda.amp.custom_fwd
/Users/joel/MJS_ROOT/MJS_STUDY/T2P-Reboot/third_party/motion-diffusion-model/diffusion/nn.py:160: FutureWarning: `torch.cuda.amp.custom_bwd(args...)` is deprecated. Please use `torch.amp.custom_bwd(args..., device_type='cuda')` instead.
  @th.cuda.amp.custom_bwd
/Users/joel/MJS_ROOT/MJS_STUDY/T2P-Reboot/third_party/motion-diffusion-model/model/mdm.py:83: UserWarning: enable_nested_tensor is True, but self.use_nested_tensor is False because encoder_layer.self_attn.batch_first was not True(use batch_first for better inference performance)
  self.seqTransEncoder = nn.TransformerEncoder(seqTransEncoderLayer,
Loaded args from checkpoint's args.json:
{
  "guidance_param": 2.5,
  "dataset": "humanml",
  "arch": "trans_enc",
  "layers": 8,
  "latent_dim": 512,
  "cond_mask_prob": 0.1,
  "diffusion_steps": 1000
}
Device: mps
Reading ././dataset/humanml_opt.txt
Loading dataset t2m ...
Loading motions from cache file [./dataset/t2m_test.npy]...
Pointer Pointing at 0
Eval-mode test-split loader ready: 4648 sequences, batch_size=32, 145 batches available
Creating model and diffusion...
TRANS_ENC init
EMBED TEXT
Loading CLIP...
Loading checkpoint from [../../checkpoints/mdm/humanml-encoder-512/humanml_trans_enc_512/model000475000.pt]...
checkpoint has no avg model, loading as usual.
Resuming: 0/4648 already cached (0 batches)
batch 0: 32 samples in 103.2s (32/4648 total, eta 248.2 min)
batch 1: 32 samples in 103.0s (64/4648 total, eta 246.3 min)
batch 2: 32 samples in 102.1s (96/4648 total, eta 243.7 min)
batch 3: 32 samples in 102.6s (128/4648 total, eta 241.9 min)
batch 4: 32 samples in 102.3s (160/4648 total, eta 240.0 min)
batch 5: 32 samples in 102.6s (192/4648 total, eta 238.2 min)
batch 6: 32 samples in 100.1s (224/4648 total, eta 235.7 min)
batch 7: 32 samples in 99.6s (256/4648 total, eta 233.2 min)
batch 8: 32 samples in 99.6s (288/4648 total, eta 230.9 min)
batch 9: 32 samples in 99.7s (320/4648 total, eta 228.8 min)
batch 10: 32 samples in 99.7s (352/4648 total, eta 226.7 min)
batch 11: 32 samples in 99.7s (384/4648 total, eta 224.7 min)
batch 12: 32 samples in 99.7s (416/4648 total, eta 222.8 min)
batch 13: 32 samples in 99.7s (448/4648 total, eta 220.9 min)
batch 14: 32 samples in 99.7s (480/4648 total, eta 219.0 min)
batch 15: 32 samples in 99.7s (512/4648 total, eta 217.2 min)
batch 16: 32 samples in 99.7s (544/4648 total, eta 215.4 min)
batch 17: 32 samples in 99.9s (576/4648 total, eta 213.6 min)
batch 18: 32 samples in 100.7s (608/4648 total, eta 211.9 min)
batch 19: 32 samples in 99.6s (640/4648 total, eta 210.1 min)
batch 20: 32 samples in 99.6s (672/4648 total, eta 208.3 min)
batch 21: 32 samples in 100.1s (704/4648 total, eta 206.6 min)
batch 22: 32 samples in 99.6s (736/4648 total, eta 204.9 min)
batch 23: 32 samples in 99.7s (768/4648 total, eta 203.1 min)
batch 24: 32 samples in 99.7s (800/4648 total, eta 201.4 min)
batch 25: 32 samples in 99.6s (832/4648 total, eta 199.6 min)
batch 26: 32 samples in 99.7s (864/4648 total, eta 197.9 min)
batch 27: 32 samples in 99.7s (896/4648 total, eta 196.2 min)
batch 28: 32 samples in 99.7s (928/4648 total, eta 194.5 min)
batch 29: 32 samples in 99.7s (960/4648 total, eta 192.8 min)
batch 30: 32 samples in 99.7s (992/4648 total, eta 191.0 min)
batch 31: 32 samples in 99.7s (1024/4648 total, eta 189.3 min)
batch 32: 32 samples in 99.7s (1056/4648 total, eta 187.6 min)
batch 33: 32 samples in 99.7s (1088/4648 total, eta 185.9 min)
batch 34: 32 samples in 99.7s (1120/4648 total, eta 184.2 min)
batch 35: 32 samples in 99.9s (1152/4648 total, eta 182.5 min)
batch 36: 32 samples in 99.8s (1184/4648 total, eta 180.9 min)
batch 37: 32 samples in 99.6s (1216/4648 total, eta 179.2 min)
batch 38: 32 samples in 99.6s (1248/4648 total, eta 177.5 min)
batch 39: 32 samples in 99.6s (1280/4648 total, eta 175.8 min)
batch 40: 32 samples in 99.6s (1312/4648 total, eta 174.1 min)
batch 41: 32 samples in 99.7s (1344/4648 total, eta 172.4 min)
batch 42: 32 samples in 99.7s (1376/4648 total, eta 170.7 min)
batch 43: 32 samples in 99.7s (1408/4648 total, eta 169.0 min)
batch 44: 32 samples in 99.7s (1440/4648 total, eta 167.3 min)
batch 45: 32 samples in 99.7s (1472/4648 total, eta 165.6 min)
batch 46: 32 samples in 99.7s (1504/4648 total, eta 164.0 min)
batch 47: 32 samples in 99.7s (1536/4648 total, eta 162.3 min)
batch 48: 32 samples in 99.8s (1568/4648 total, eta 160.6 min)
batch 49: 32 samples in 99.7s (1600/4648 total, eta 158.9 min)
batch 50: 32 samples in 99.8s (1632/4648 total, eta 157.2 min)
batch 51: 32 samples in 99.8s (1664/4648 total, eta 155.6 min)
batch 52: 32 samples in 99.8s (1696/4648 total, eta 153.9 min)
batch 53: 32 samples in 99.9s (1728/4648 total, eta 152.2 min)
batch 54: 32 samples in 99.9s (1760/4648 total, eta 150.5 min)
batch 55: 32 samples in 99.7s (1792/4648 total, eta 148.9 min)
batch 56: 32 samples in 99.7s (1824/4648 total, eta 147.2 min)
batch 57: 32 samples in 99.7s (1856/4648 total, eta 145.5 min)
batch 58: 32 samples in 99.7s (1888/4648 total, eta 143.8 min)
batch 59: 32 samples in 99.7s (1920/4648 total, eta 142.2 min)
batch 60: 32 samples in 99.7s (1952/4648 total, eta 140.5 min)
batch 61: 32 samples in 99.8s (1984/4648 total, eta 138.8 min)
batch 62: 32 samples in 99.7s (2016/4648 total, eta 137.1 min)
batch 63: 32 samples in 99.7s (2048/4648 total, eta 135.5 min)
batch 64: 32 samples in 99.7s (2080/4648 total, eta 133.8 min)
batch 65: 32 samples in 99.7s (2112/4648 total, eta 132.1 min)
batch 66: 32 samples in 99.7s (2144/4648 total, eta 130.4 min)
batch 67: 32 samples in 99.7s (2176/4648 total, eta 128.8 min)
batch 68: 32 samples in 99.8s (2208/4648 total, eta 127.1 min)
batch 69: 32 samples in 99.8s (2240/4648 total, eta 125.4 min)
batch 70: 32 samples in 99.8s (2272/4648 total, eta 123.8 min)
batch 71: 32 samples in 99.9s (2304/4648 total, eta 122.1 min)
batch 72: 32 samples in 99.8s (2336/4648 total, eta 120.4 min)
batch 73: 32 samples in 99.7s (2368/4648 total, eta 118.7 min)
batch 74: 32 samples in 99.7s (2400/4648 total, eta 117.1 min)
batch 75: 32 samples in 99.7s (2432/4648 total, eta 115.4 min)
batch 76: 32 samples in 99.7s (2464/4648 total, eta 113.7 min)
batch 77: 32 samples in 99.7s (2496/4648 total, eta 112.1 min)
batch 78: 32 samples in 99.7s (2528/4648 total, eta 110.4 min)
batch 79: 32 samples in 99.8s (2560/4648 total, eta 108.7 min)
batch 80: 32 samples in 99.8s (2592/4648 total, eta 107.1 min)
batch 81: 32 samples in 99.8s (2624/4648 total, eta 105.4 min)
batch 82: 32 samples in 99.7s (2656/4648 total, eta 103.7 min)
batch 83: 32 samples in 99.7s (2688/4648 total, eta 102.1 min)
batch 84: 32 samples in 99.8s (2720/4648 total, eta 100.4 min)
batch 85: 32 samples in 99.8s (2752/4648 total, eta 98.7 min)
batch 86: 32 samples in 99.8s (2784/4648 total, eta 97.0 min)
batch 87: 32 samples in 99.7s (2816/4648 total, eta 95.4 min)
batch 88: 32 samples in 99.7s (2848/4648 total, eta 93.7 min)
batch 89: 32 samples in 99.9s (2880/4648 total, eta 92.0 min)
batch 90: 32 samples in 101.8s (2912/4648 total, eta 90.4 min)
batch 91: 32 samples in 103.1s (2944/4648 total, eta 88.8 min)
batch 92: 32 samples in 104.0s (2976/4648 total, eta 87.1 min)
batch 93: 32 samples in 104.1s (3008/4648 total, eta 85.5 min)
batch 94: 32 samples in 104.6s (3040/4648 total, eta 83.9 min)
batch 95: 32 samples in 100.3s (3072/4648 total, eta 82.2 min)
batch 96: 32 samples in 99.6s (3104/4648 total, eta 80.5 min)
batch 97: 32 samples in 99.6s (3136/4648 total, eta 78.9 min)
batch 98: 32 samples in 99.6s (3168/4648 total, eta 77.2 min)
batch 99: 32 samples in 99.7s (3200/4648 total, eta 75.5 min)
batch 100: 32 samples in 99.6s (3232/4648 total, eta 73.8 min)
batch 101: 32 samples in 99.8s (3264/4648 total, eta 72.2 min)
batch 102: 32 samples in 99.7s (3296/4648 total, eta 70.5 min)
batch 103: 32 samples in 99.7s (3328/4648 total, eta 68.8 min)
batch 104: 32 samples in 99.6s (3360/4648 total, eta 67.2 min)
batch 105: 32 samples in 99.7s (3392/4648 total, eta 65.5 min)
batch 106: 32 samples in 99.7s (3424/4648 total, eta 63.8 min)
batch 107: 32 samples in 99.9s (3456/4648 total, eta 62.1 min)
batch 108: 32 samples in 99.8s (3488/4648 total, eta 60.5 min)
batch 109: 32 samples in 99.6s (3520/4648 total, eta 58.8 min)
batch 110: 32 samples in 99.6s (3552/4648 total, eta 57.1 min)
batch 111: 32 samples in 99.7s (3584/4648 total, eta 55.5 min)
batch 112: 32 samples in 99.7s (3616/4648 total, eta 53.8 min)
batch 113: 32 samples in 99.7s (3648/4648 total, eta 52.1 min)
batch 114: 32 samples in 99.7s (3680/4648 total, eta 50.5 min)
batch 115: 32 samples in 99.7s (3712/4648 total, eta 48.8 min)
batch 116: 32 samples in 99.7s (3744/4648 total, eta 47.1 min)
batch 117: 32 samples in 99.7s (3776/4648 total, eta 45.4 min)
batch 118: 32 samples in 99.7s (3808/4648 total, eta 43.8 min)
batch 119: 32 samples in 99.7s (3840/4648 total, eta 42.1 min)
batch 120: 32 samples in 99.7s (3872/4648 total, eta 40.4 min)
batch 121: 32 samples in 99.7s (3904/4648 total, eta 38.8 min)
batch 122: 32 samples in 99.7s (3936/4648 total, eta 37.1 min)
batch 123: 32 samples in 99.7s (3968/4648 total, eta 35.4 min)
batch 124: 32 samples in 99.7s (4000/4648 total, eta 33.8 min)
batch 125: 32 samples in 99.8s (4032/4648 total, eta 32.1 min)
batch 126: 32 samples in 99.8s (4064/4648 total, eta 30.4 min)
batch 127: 32 samples in 99.7s (4096/4648 total, eta 28.8 min)
batch 128: 32 samples in 99.7s (4128/4648 total, eta 27.1 min)
batch 129: 32 samples in 99.7s (4160/4648 total, eta 25.4 min)
batch 130: 32 samples in 99.7s (4192/4648 total, eta 23.8 min)
batch 131: 32 samples in 99.7s (4224/4648 total, eta 22.1 min)
batch 132: 32 samples in 99.7s (4256/4648 total, eta 20.4 min)
batch 133: 32 samples in 99.7s (4288/4648 total, eta 18.8 min)
batch 134: 32 samples in 99.7s (4320/4648 total, eta 17.1 min)
batch 135: 32 samples in 99.8s (4352/4648 total, eta 15.4 min)
batch 136: 32 samples in 99.7s (4384/4648 total, eta 13.8 min)
batch 137: 32 samples in 99.8s (4416/4648 total, eta 12.1 min)
batch 138: 32 samples in 99.8s (4448/4648 total, eta 10.4 min)
batch 139: 32 samples in 99.8s (4480/4648 total, eta 8.8 min)
batch 140: 32 samples in 99.8s (4512/4648 total, eta 7.1 min)
batch 141: 32 samples in 99.8s (4544/4648 total, eta 5.4 min)
batch 142: 32 samples in 99.7s (4576/4648 total, eta 3.8 min)
batch 143: 32 samples in 99.8s (4608/4648 total, eta 2.1 min)
batch 144: 32 samples in 100.1s (4640/4648 total, eta 0.4 min)
Generation pass done. 4640 samples cached under ../../artifacts/e3/batches (145 batches). This run took 4.03h.
