/Users/joel/MJS_ROOT/MJS_STUDY/T2P-Reboot/third_party/motion-diffusion-model/diffusion/nn.py:150: FutureWarning: `torch.cuda.amp.custom_fwd(args...)` is deprecated. Please use `torch.amp.custom_fwd(args..., device_type='cuda')` instead.
  @th.cuda.amp.custom_fwd
/Users/joel/MJS_ROOT/MJS_STUDY/T2P-Reboot/third_party/motion-diffusion-model/diffusion/nn.py:160: FutureWarning: `torch.cuda.amp.custom_bwd(args...)` is deprecated. Please use `torch.amp.custom_bwd(args..., device_type='cuda')` instead.
  @th.cuda.amp.custom_bwd
/Users/joel/MJS_ROOT/MJS_STUDY/T2P-Reboot/third_party/motion-diffusion-model/model/mdm.py:83: UserWarning: enable_nested_tensor is True, but self.use_nested_tensor is False because encoder_layer.self_attn.batch_first was not True(use batch_first for better inference performance)
  self.seqTransEncoder = nn.TransformerEncoder(seqTransEncoderLayer,
device: cpu, arm: a
loading training data (split=train)...
Reading ././dataset/humanml_opt.txt
Loading dataset t2m ...
Loading motions from cache file [./dataset/t2m_train.npy]...
Pointer Pointing at 0
train dataset size: 4435 sequences
creating model and diffusion...
TRANS_ENC init
EMBED TEXT
Loading CLIP...
total trainable params (excluding CLIP): 17.88M
training 3000 steps...
  step 0/3000: loss=1.25212, elapsed=2.4s
  step 200/3000: loss=0.60662, elapsed=463.3s
  step 400/3000: loss=0.40793, elapsed=920.7s
  step 600/3000: loss=0.34323, elapsed=1387.3s
  step 800/3000: loss=0.25341, elapsed=1862.6s
  step 1000/3000: loss=0.29033, elapsed=2323.6s
  step 1200/3000: loss=0.28705, elapsed=2785.4s
  step 1400/3000: loss=0.19611, elapsed=3246.2s
  step 1600/3000: loss=0.21083, elapsed=3704.9s
  step 1800/3000: loss=0.35207, elapsed=4157.0s
  step 2000/3000: loss=0.15043, elapsed=4608.5s
  step 2200/3000: loss=0.23100, elapsed=5059.6s
  step 2400/3000: loss=0.20803, elapsed=5511.3s
  step 2600/3000: loss=0.22659, elapsed=5963.5s
  step 2800/3000: loss=0.21210, elapsed=6415.8s
  step 2999/3000: loss=0.15234, elapsed=6865.9s
training done: 6865.9s (1.907h)
generating + evaluating...
Reading ././dataset/humanml_opt.txt
Loading dataset t2m ...
Loading motions from cache file [./dataset/t2m_test.npy]...
Pointer Pointing at 0
Reading ././dataset/humanml_opt.txt
Loading dataset t2m ...
Loading motions from cache file [./dataset/t2m_test.npy]...
Pointer Pointing at 0
Generating test ...
real_num_batches 5
mm_idxs []
0it [00:00, ?it/s]1it [09:59, 599.64s/it]2it [20:02, 601.27s/it]3it [30:06, 602.61s/it]4it [40:12, 603.93s/it]4it [40:12, 603.05s/it]
Generated Dataset Loading Completed!!!
generation done: 2412.2s (0.670h)
Loading Evaluation Model Wrapper (Epoch 28) Completed!!
==================== Replication 0 ====================
Time: 2026-09-06 11:51:58.407498
========== Evaluating Matching Score ==========
---> [ground truth] Matching Score: 2.9572
---> [ground truth] R_precision: (top 1): 0.5138 (top 2): 0.6981 (top 3): 0.7953 
---> [e1a] Matching Score: 6.1619
---> [e1a] R_precision: (top 1): 0.1172 (top 2): 0.2578 (top 3): 0.3438 
Time: 2026-09-06 11:52:17.301467
========== Evaluating FID ==========
---> [ground truth] FID: 0.0017
---> [e1a] FID: 11.0437
Time: 2026-09-06 11:52:34.309982
========== Evaluating Diversity ==========
---> [ground truth] Diversity: 9.7499
---> [e1a] Diversity: 6.9487
!!! DONE !!!
========== Matching Score Summary ==========
---> [ground truth] Mean: 2.9572 CInterval: 0.0000
---> [e1a] Mean: 6.1619 CInterval: 0.0000
========== R_precision Summary ==========
---> [ground truth](top 1) Mean: 0.5138 CInt: 0.0000;(top 2) Mean: 0.6981 CInt: 0.0000;(top 3) Mean: 0.7953 CInt: 0.0000;
---> [e1a](top 1) Mean: 0.1172 CInt: 0.0000;(top 2) Mean: 0.2578 CInt: 0.0000;(top 3) Mean: 0.3438 CInt: 0.0000;
========== FID Summary ==========
---> [ground truth] Mean: 0.0017 CInterval: 0.0000
---> [e1a] Mean: 11.0437 CInterval: 0.0000
========== Diversity Summary ==========
---> [ground truth] Mean: 9.7499 CInterval: 0.0000
---> [e1a] Mean: 6.9487 CInterval: 0.0000
========== MultiModality Summary ==========
rescoring E1A's own generations against truncated captions (SUP-20260906-49 control)...
========== Evaluating Matching Score ==========
---> [e1a_truncated_rescore] Matching Score: 6.2283
---> [e1a_truncated_rescore] R_precision: (top 1): 0.1016 (top 2): 0.2109 (top 3): 0.3125 
  e1a_truncated_rescore R-Precision-top3: 0.3125
{
  "experiment": "E1A",
  "arm": "a",
  "description": "Control: full caption -> full sequence throughout.",
  "num_training_steps": 3000,
  "seed": 20,
  "train_split": "train",
  "eval_split": "test",
  "batch_size": 32,
  "num_samples_limit": 128,
  "n_params_millions": 17.880327,
  "n_train_captions_truncated": 0,
  "n_gen_captions_truncated": 0,
  "training_wall_clock_seconds": 6865.948944832999,
  "generation_wall_clock_seconds": 2412.225588583009,
  "mean_dict": {
    "Matching Score_ground truth": 2.9571591262159678,
    "Matching Score_e1a": 6.161946773529053,
    "R_precision_ground truth": [
      0.5137931034482759,
      0.6980603448275862,
      0.7952586206896551
    ],
    "R_precision_e1a": [
      0.1171875,
      0.2578125,
      0.34375
    ],
    "FID_ground truth": 0.0016684459975238042,
    "FID_e1a": 11.043694031834562,
    "Diversity_ground truth": 9.749900817871094,
    "Diversity_e1a": 6.948733329772949
  },
  "e1a_truncated_rescore_control": {
    "matching_score": 6.228279948234558,
    "r_precision": [
      0.1015625,
      0.2109375,
      0.3125
    ],
    "r_precision_top3": 0.3125
  },
  "chance_level_r_precision_top3": 0.09375,
  "r_precision_top3_e1a": 0.34375,
  "r_precision_top3_ground_truth": 0.7952586206896551,
  "fid_e1a_vs_ground_truth": 11.043694031834562,
  "note": "trained on split=train, evaluated on split=test (disjoint materialized subsets, per review SUP-20260906-37)."
}
Saved: /Users/joel/MJS_ROOT/MJS_STUDY/T2P-Reboot/artifacts/e1/e1a_seed2_train_record.json
